I'm sorry, but errors were detected in your script. Please correct the
errors listed below, and try again.


File "game/script.rpy", line 257: choice menuitem expects a non-empty block.
    "This is a test":
                     ^

Ren'Py Version: Ren'Py 7.4.8.1895
Thu Sep 16 20:22:17 2021
